D:\KI 6 OJT\Java\JavaSpring\2_Assignments\Parttimejob\src\main\java\com\jobregistration\controller\CustomErrorController.java
D:\KI 6 OJT\Java\JavaSpring\2_Assignments\Parttimejob\src\main\java\com\jobregistration\controller\JobRegistrationController.java
D:\KI 6 OJT\Java\JavaSpring\2_Assignments\Parttimejob\src\main\java\com\jobregistration\model\Employee.java
D:\KI 6 OJT\Java\JavaSpring\2_Assignments\Parttimejob\src\main\java\com\jobregistration\model\Job.java
D:\KI 6 OJT\Java\JavaSpring\2_Assignments\Parttimejob\src\main\java\com\jobregistration\model\JobRegistration.java
D:\KI 6 OJT\Java\JavaSpring\2_Assignments\Parttimejob\src\main\java\com\jobregistration\ParttimejobApplication.java
D:\KI 6 OJT\Java\JavaSpring\2_Assignments\Parttimejob\src\main\java\com\jobregistration\repository\EmployeeRepository.java
D:\KI 6 OJT\Java\JavaSpring\2_Assignments\Parttimejob\src\main\java\com\jobregistration\repository\JobRegistrationRepository.java
D:\KI 6 OJT\Java\JavaSpring\2_Assignments\Parttimejob\src\main\java\com\jobregistration\repository\JobRepository.java
D:\KI 6 OJT\Java\JavaSpring\2_Assignments\Parttimejob\src\main\java\com\jobregistration\service\EmployeeService.java
D:\KI 6 OJT\Java\JavaSpring\2_Assignments\Parttimejob\src\main\java\com\jobregistration\service\JobRegistrationService.java
D:\KI 6 OJT\Java\JavaSpring\2_Assignments\Parttimejob\src\main\java\com\jobregistration\service\JobService.java
D:\KI 6 OJT\Java\JavaSpring\2_Assignments\Parttimejob\src\main\java\com\jobregistration\ServletInitializer.java
